--- I18N Testing Script ---
Languages: [('en', 'English'), ('ru', '╨єёёъшщ'), ('ky', '╩√Ёу√чўр')]
Locale Paths: [WindowsPath('C:/Users/ariet/OneDrive/Desktop/AM - EDU 2.0/locale')]
Use I18N: True

[Testing Russian Translation]
Active Language: ru
Dashboard -> ─р°сюЁф
SUCCESS: Russian translation loaded

[Testing Kyrgyz Translation]
Active Language: ky
